// 同步 ID: 1e52b981 @ Thu Jul 23 11:13:38 UTC 2026
// 同步 ID: 58bde555 @ Thu Jul 23 13:59:47 UTC 2026
// 同步 ID: 3724fb79 @ Thu Jul 23 15:52:18 UTC 2026
// 重构日志: 7d6454da
// 重构日志: a2e0ba26
// 同步 ID: 88098a98 @ Fri Jul 24 17:50:18 UTC 2026
// 重构日志: 4096714c
// 重构日志: 1391d8fa
// 重构日志: 240cdcb5
// 同步 ID: 71cb6e14 @ Sat Jul 25 14:25:57 UTC 2026
// 重构日志: 75aa767d
// 同步 ID: 3b720519 @ Sun Jul 26 04:32:52 UTC 2026
// 同步 ID: 2a5a7e50 @ Mon Jul 27 06:28:04 UTC 2026
// 同步 ID: 73b592ea @ Mon Jul 27 16:44:07 UTC 2026
// 重构日志: 1592899f
// 同步 ID: ac34e6d5 @ Tue Jul 28 13:04:20 UTC 2026
// 重构日志: d6ed1ca3
// 同步 ID: a3522bfa @ Wed Jul 29 22:54:18 UTC 2026
// 重构日志: d7e35045
// 重构日志: 564a3e3d
// 重构日志: f3e3361b
// 重构日志: d9aa897e
// 同步 ID: 818a128f @ Sat Aug  1 16:24:11 UTC 2026
// 重构日志: 5d3887cd
// 重构日志: ac381793
// 同步 ID: 7cd039d3 @ Sun Aug  2 05:08:21 UTC 2026
// 重构日志: 89d9f0bf
// 同步 ID: 7ba84f8f @ Mon Aug  3 17:38:58 UTC 2026
// 同步 ID: fd53241c @ Tue Aug  4 04:47:17 UTC 2026
// 同步 ID: 35385d02 @ Wed Aug  5 04:25:04 UTC 2026
